Reading information of file "/var/tmp/test-find/simple/6a3ae371-895b-4f43-8ea0-3980dc2f026b/6a3ae371-895b-4f43-8ea0-3980dc2f026b/6a3ae371-895b-4f43-8ea0-3980dc2f026b/6a3ae371-895b-4f43-8ea0-3980dc2f026b/6a3ae371-895b-4f43-8ea0-3980dc2f026b/6a3ae371-895b-4f43-8ea0-3980dc2f026b/6a3ae371-895b-4f43-8ea0-3980dc2f026b/6a3ae371-895b-4f43-8ea0-3980dc2f026b/6a3ae371-895b-4f43-8ea0-3980dc2f026b/6a3ae371-895b-4f43-8ea0-3980dc2f026b/6a3ae371-895b-4f43-8ea0-3980dc2f026b/6a3ae371-895b-4f43-8ea0-3980dc2f026b/6a3ae371-895b-4f43-8ea0-3980dc2f026b/6a3ae371-895b-4f43-8ea0-3980dc2f026b/6a3ae371-895b-4f43-8ea0-3980dc2f026b/6a3ae371-895b-4f43-8ea0-3980dc2f026b/6a3ae371-895b-4f43-8ea0-3980dc2f026b/6a3ae371-895b-4f43-8ea0-3980dc2f026b/6a3ae371-895b-4f43-8ea0-3980dc2f026b/6a3ae371-895b-4f43-8ea0-3980dc2f026b/6a3ae371-895b-4f43-8ea0-3980dc2f026b/6a3ae371-895b-4f43-8ea0-3980dc2f026b/6a3ae371-895b-4f43-8ea0-3980dc2f026b/6a3ae371-895b-4f43-8ea0-3980dc2f026b/6a3ae371-895b-4f43-8ea0-3980dc2f026b/6a3ae371-895b-4f43-8ea0-3980dc2f026b/6a3ae371-895b-4f43-8ea0-3980dc2f026b/6a3ae371-895b-4f43-8ea0-3980dc2f026b/6a3ae371-895b-4f43-8ea0-3980dc2f026b/6a3ae371-895b-4f43-8ea0-3980dc2f026b/6a3ae371-895b-4f43-8ea0-3980dc2f026b/6a3ae371-895b-4f43-8ea0-3980dc2f026b/6a3ae371-895b-4f43-8ea0-3980dc2f026b/6a3ae371-895b-4f43-8ea0-3980dc2f026b/6a3ae371-895b-4f43-8ea0-3980dc2f026b/6a3ae371-895b-4f43-8ea0-3980dc2f026b/6a3ae371-895b-4f43-8ea0-3980dc2f026b/6a3ae371-895b-4f43-8ea0-3980dc2f026b/6a3ae371-895b-4f43-8ea0-3980dc2f026b/6a3ae371-895b-4f43-8ea0-3980dc2f026b/6a3ae371-895b-4f43-8ea0-3980dc2f026b/6a3ae371-895b-4f43-8ea0-3980dc2f026b/6a3ae371-895b-4f43-8ea0-3980dc2f026b/6a3ae371-895b-4f43-8ea0-3980dc2f026b/6a3ae371-895b-4f43-8ea0-3980dc2f026b/6a3ae371-895b-4f43-8ea0-3980dc2f026b/6a3ae371-895b-4f43-8ea0-3980dc2f026b/6a3ae371-895b-4f43-8ea0-3980dc2f026b/6a3ae371-895b-4f43-8ea0-3980dc2f026b/6a3ae371-895b-4f43-8ea0-3980dc2f026b/6a3ae371-895b-4f43-8ea0-3980dc2f026b/6a3ae371-895b-4f43-8ea0-3980dc2f026b/6a3ae371-895b-4f43-8ea0-3980dc2f026b/6a3ae371-895b-4f43-8ea0-3980dc2f026b/6a3ae371-895b-4f43-8ea0-3980dc2f026b/6a3ae371-895b-4f43-8ea0-3980dc2f026b/6a3ae371-895b-4f43-8ea0-3980dc2f026b/6a3ae371-895b-4f43-8ea0-3980dc2f026b/6a3ae371-895b-4f43-8ea0-3980dc2f026b/6a3ae371-895b-4f43-8ea0-3980dc2f026b/6a3ae371-895b-4f43-8ea0-3980dc2f026b/6a3ae371-895b-4f43-8ea0-3980dc2f026b/6a3ae371-895b-4f43-8ea0-3980dc2f026b/6a3ae371-895b-4f43-8ea0-3980dc2f026b/6a3ae371-895b-4f43-8ea0-3980dc2f026b/6a3ae371-895b-4f43-8ea0-3980dc2f026b/6a3ae371-895b-4f43-8ea0-3980dc2f026b/6a3ae371-895b-4f43-8ea0-3980dc2f026b/6a3ae371-895b-4f43-8ea0-3980dc2f026b/6a3ae371-895b-4f43-8ea0-3980dc2f026b/6a3ae371-895b-4f43-8ea0-3980dc2f026b/6a3ae371-895b-4f43-8ea0-3980dc2f026b/6a3ae371-895b-4f43-8ea0-3980dc2f026b/6a3ae371-895b-4f43-8ea0-3980dc2f026b/6a3ae371-895b-4f43-8ea0-3980dc2f026b/6a3ae371-895b-4f43-8ea0-3980dc2f026b/6a3ae371-895b-4f43-8ea0-3980dc2f026b/6a3ae371-895b-4f43-8ea0-3980dc2f026b/6a3ae371-895b-4f43-8ea0-3980dc2f026b/6a3ae371-895b-4f43-8ea0-3980dc2f026b/6a3ae371-895b-4f43-8ea0-3980dc2f026b/6a3ae371-895b-4f43-8ea0-3980dc2f026b/6a3ae371-895b-4f43-8ea0-3980dc2f026b/6a3ae371-895b-4f43-8ea0-3980dc2f026b/6a3ae371-895b-4f43-8ea0-3980dc2f026b/6a3ae371-895b-4f43-8ea0-3980dc2f026b/6a3ae371-895b-4f43-8ea0-3980dc2f026b/6a3ae371-895b-4f43-8ea0-3980dc2f026b/6a3ae371-895b-4f43-8ea0-3980dc2f026b/6a3ae371-895b-4f43-8ea0-3980dc2f026b/6a3ae371-895b-4f43-8ea0-3980dc2f026b/6a3ae371-895b-4f43-8ea0-3980dc2f026b/6a3ae371-895b-4f43-8ea0-3980dc2f026b/6a3ae371-895b-4f43-8ea0-3980dc2f026b/6a3ae371-895b-4f43-8ea0-3980dc2f026b/6a3ae371-895b-4f43-8ea0-3980dc2f026b/6a3ae371-895b-4f43-8ea0-3980dc2f026b/6a3ae371-895b-4f43-8ea0-3980dc2f026b/6a3ae371-895b-4f43-8ea0-3980dc2f026b/6a3ae371-895b-4f43-8ea0-3980dc2f026b/6a3ae371-895b-4f43-8ea0-3980dc2f026b/6a3ae371-895b-4f43-8ea0-3980dc2f026b/6a3ae371-895b-4f43-8ea0-3980dc2f026b/6a3ae371-895b-4f43-8ea0-3980dc2f026b/6a3ae371-895b-4f43-8ea0-3980dc2f026b/6a3ae371-895b-4f43-8ea0-3980dc2f026b/6a3ae371-895b-4f43-8ea0-3980dc2f026b/6a3ae371-895b-4f43-8ea0-3980dc2f026b/6a3ae371-895b-4f43-8ea0-3980dc2f026b/6a3ae371-895b-4f43-8ea0-3980dc2f026b/6a3ae371-895b-4f43-8ea0-3980dc2f026b" has failed with error code 36: File name too long
Opening directory "/var/tmp/test-find/simple/ / / / / / / / / / / / / / / / / / / / / / / / / / / / / / / / / / / / / / / / / / / / / / / / / / / / / / / / / / / / / / / / / / / / / / / / / / / / / / / / / / / / / / / / / / / / / / / / / / / / / / / / / / / / / / / / / / / / / / / / / / / / / / / / / / / / / / / / / / / / / / / / / / / / / / / / / / / / / / / / / / / / / / / / / / / / / / / / / / / / / / / / / / / / / / / / / / / / / / / / / / / / / / / / / / / / / / / / / / / / / / / / / / / / / / / / / / / / / / / / / / / / / / / / / / / / / / / / / / / / / / / / / / / / / / / / / / / / / / / / / / / / / / / / / / / / / / / / / / / / / / / / / / / / / / / / / / / / / / / / / / / / / / / / / / / / / / / / / / / / / / / / / / / / / / / / / / / / / / / / / / / / / / / / / / / / / / / / / / / / / / / / / / / / / / / / / / / / / / / / / / / / / / / / / / / / / / / / / / / / / / / / / / / / / / / / / / / / / / / / / / / / / / / / / / / / / / / / / / / / / / / / / / / / / / / / / / / / / / / / / / / / / / / / / / / / / / / / / / / / / / / / / / / / / / / / / / / / / / / / / / / / / / / / / / / / / / / / / / / / / / / / / / / / / / / / / / / / / / / / / / / / / / / / / / / / / / / / / / / / / / / / / / / / / / / / / / / / / / / / / / / / / / / / / / / / / / / / / / / / / / / / / / / / / / / / / / / / / / / / / / / / / / / / / / / / / / / / / / / / / / / / / / / / / / / / / / / / / / / / / / / / / / / / / / / / / / / / / / / / / / / / / / / / / / / / / / / / / / / / / / / / / / / / / / / / / / / / / / / / / / / / / / / / / / / / / / / / / / / / / / / / / / / / / / / / / / / / / / / / / / / / / / / / / / / / / / / / / / / / / / / / / / / / / / / / / / / / / / / / / / / / / / / / / / / / / / / / / / / / / / / / / / / / / / / / / / / / / / / / / / / / / / / / / / / / / / / / / / / / / / / / / / / / / / / / / / / / / / / / / / / / / / / / / / / / / / / / / / / / / / / / / / / / / / / / / / / / / / / / / / / / / / / / / / / / / / / / / / / / / / / / / / / / / / / / / / / / / / / / / / / / / / / / / / / / / / / / / / / / / / / / / / / / / / / / / / / / / / / / / " has failed with error code 24: Too many open files
